[0.571s] DEBUG:colcon:Command line arguments: ['/usr/bin/colcon', 'build']
[0.571s] DEBUG:colcon:Parsed command line arguments: Namespace(log_base=None, log_level=None, verb_name='build', build_base='build', install_base='install', merge_install=False, symlink_install=False, test_result_base=None, continue_on_error=False, executor='parallel', parallel_workers=7, event_handlers=None, ignore_user_meta=False, metas=['./colcon.meta'], base_paths=['.'], packages_ignore=None, packages_ignore_regex=None, paths=None, packages_up_to=None, packages_up_to_regex=None, packages_above=None, packages_above_and_dependencies=None, packages_above_depth=None, packages_select_by_dep=None, packages_skip_by_dep=None, packages_skip_up_to=None, packages_select_build_failed=False, packages_skip_build_finished=False, packages_select_test_failures=False, packages_skip_test_passed=False, packages_select=None, packages_skip=None, packages_select_regex=None, packages_skip_regex=None, packages_start=None, packages_end=None, allow_overriding=[], cmake_args=None, cmake_target=None, cmake_target_skip_unavailable=False, cmake_clean_cache=False, cmake_clean_first=False, cmake_force_configure=False, ament_cmake_args=None, catkin_cmake_args=None, catkin_skip_building_tests=False, mixin_files=None, mixin=None, verb_parser=<colcon_mixin.mixin.mixin_argument.MixinArgumentDecorator object at 0x7522e9798ef0>, verb_extension=<colcon_core.verb.build.BuildVerb object at 0x7522e9798b90>, main=<bound method BuildVerb.main of <colcon_core.verb.build.BuildVerb object at 0x7522e9798b90>>, mixin_verb=('build',))
[0.752s] Level 1:colcon.colcon_core.package_discovery:discover_packages(colcon_meta) check parameters
[0.753s] Level 1:colcon.colcon_core.package_discovery:discover_packages(recursive) check parameters
[0.753s] Level 1:colcon.colcon_core.package_discovery:discover_packages(ignore) check parameters
[0.753s] Level 1:colcon.colcon_core.package_discovery:discover_packages(path) check parameters
[0.753s] Level 1:colcon.colcon_core.package_discovery:discover_packages(colcon_meta) discover
[0.753s] Level 1:colcon.colcon_core.package_discovery:discover_packages(recursive) discover
[0.753s] INFO:colcon.colcon_core.package_discovery:Crawling recursively for packages in '/home/melbnna/competition_ws'
[0.753s] Level 1:colcon.colcon_core.package_identification:_identify(.) by extensions ['ignore', 'ignore_ament_install']
[0.753s] Level 1:colcon.colcon_core.package_identification:_identify(.) by extension 'ignore'
[0.754s] Level 1:colcon.colcon_core.package_identification:_identify(.) by extension 'ignore_ament_install'
[0.754s] Level 1:colcon.colcon_core.package_identification:_identify(.) by extensions ['colcon_pkg']
[0.755s] Level 1:colcon.colcon_core.package_identification:_identify(.) by extension 'colcon_pkg'
[0.755s] Level 1:colcon.colcon_core.package_identification:_identify(.) by extensions ['colcon_meta']
[0.755s] Level 1:colcon.colcon_core.package_identification:_identify(.) by extension 'colcon_meta'
[0.755s] Level 1:colcon.colcon_core.package_identification:_identify(.) by extensions ['ros']
[0.755s] Level 1:colcon.colcon_core.package_identification:_identify(.) by extension 'ros'
[0.799s] Level 1:colcon.colcon_core.package_identification:_identify(.) by extensions ['cmake', 'python']
[0.799s] Level 1:colcon.colcon_core.package_identification:_identify(.) by extension 'cmake'
[0.799s] Level 1:colcon.colcon_core.package_identification:_identify(.) by extension 'python'
[0.799s] Level 1:colcon.colcon_core.package_identification:_identify(.) by extensions ['python_setup_py']
[0.799s] Level 1:colcon.colcon_core.package_identification:_identify(.) by extension 'python_setup_py'
[0.799s] Level 1:colcon.colcon_core.package_identification:_identify(build) by extensions ['ignore', 'ignore_ament_install']
[0.800s] Level 1:colcon.colcon_core.package_identification:_identify(build) by extension 'ignore'
[0.800s] Level 1:colcon.colcon_core.package_identification:_identify(build) ignored
[0.800s] Level 1:colcon.colcon_core.package_identification:_identify(install) by extensions ['ignore', 'ignore_ament_install']
[0.800s] Level 1:colcon.colcon_core.package_identification:_identify(install) by extension 'ignore'
[0.800s] Level 1:colcon.colcon_core.package_identification:_identify(install) ignored
[0.800s] Level 1:colcon.colcon_core.package_identification:_identify(log) by extensions ['ignore', 'ignore_ament_install']
[0.800s] Level 1:colcon.colcon_core.package_identification:_identify(log) by extension 'ignore'
[0.800s] Level 1:colcon.colcon_core.package_identification:_identify(log) ignored
[0.801s] Level 1:colcon.colcon_core.package_identification:_identify(src) by extensions ['ignore', 'ignore_ament_install']
[0.801s] Level 1:colcon.colcon_core.package_identification:_identify(src) by extension 'ignore'
[0.801s] Level 1:colcon.colcon_core.package_identification:_identify(src) by extension 'ignore_ament_install'
[0.801s] Level 1:colcon.colcon_core.package_identification:_identify(src) by extensions ['colcon_pkg']
[0.801s] Level 1:colcon.colcon_core.package_identification:_identify(src) by extension 'colcon_pkg'
[0.801s] Level 1:colcon.colcon_core.package_identification:_identify(src) by extensions ['colcon_meta']
[0.801s] Level 1:colcon.colcon_core.package_identification:_identify(src) by extension 'colcon_meta'
[0.801s] Level 1:colcon.colcon_core.package_identification:_identify(src) by extensions ['ros']
[0.801s] Level 1:colcon.colcon_core.package_identification:_identify(src) by extension 'ros'
[0.802s] Level 1:colcon.colcon_core.package_identification:_identify(src) by extensions ['cmake', 'python']
[0.802s] Level 1:colcon.colcon_core.package_identification:_identify(src) by extension 'cmake'
[0.802s] Level 1:colcon.colcon_core.package_identification:_identify(src) by extension 'python'
[0.802s] Level 1:colcon.colcon_core.package_identification:_identify(src) by extensions ['python_setup_py']
[0.802s] Level 1:colcon.colcon_core.package_identification:_identify(src) by extension 'python_setup_py'
[0.802s] Level 1:colcon.colcon_core.package_identification:_identify(src/mia_competition) by extensions ['ignore', 'ignore_ament_install']
[0.804s] Level 1:colcon.colcon_core.package_identification:_identify(src/mia_competition) by extension 'ignore'
[0.804s] Level 1:colcon.colcon_core.package_identification:_identify(src/mia_competition) by extension 'ignore_ament_install'
[0.804s] Level 1:colcon.colcon_core.package_identification:_identify(src/mia_competition) by extensions ['colcon_pkg']
[0.804s] Level 1:colcon.colcon_core.package_identification:_identify(src/mia_competition) by extension 'colcon_pkg'
[0.804s] Level 1:colcon.colcon_core.package_identification:_identify(src/mia_competition) by extensions ['colcon_meta']
[0.804s] Level 1:colcon.colcon_core.package_identification:_identify(src/mia_competition) by extension 'colcon_meta'
[0.804s] Level 1:colcon.colcon_core.package_identification:_identify(src/mia_competition) by extensions ['ros']
[0.804s] Level 1:colcon.colcon_core.package_identification:_identify(src/mia_competition) by extension 'ros'
[0.809s] DEBUG:colcon.colcon_core.package_identification:Package 'src/mia_competition' with type 'ros.ament_python' and name 'mia_competition'
[0.809s] Level 1:colcon.colcon_core.package_discovery:discover_packages(recursive) using defaults
[0.809s] Level 1:colcon.colcon_core.package_discovery:discover_packages(ignore) discover
[0.810s] Level 1:colcon.colcon_core.package_discovery:discover_packages(ignore) using defaults
[0.810s] Level 1:colcon.colcon_core.package_discovery:discover_packages(path) discover
[0.810s] Level 1:colcon.colcon_core.package_discovery:discover_packages(path) using defaults
[0.892s] Level 1:colcon.colcon_core.package_discovery:discover_packages(prefix_path) check parameters
[0.892s] Level 1:colcon.colcon_core.package_discovery:discover_packages(prefix_path) discover
[0.926s] DEBUG:colcon.colcon_installed_package_information.package_discovery:Found 3 installed packages in /home/melbnna/microros_ws/install
[0.928s] DEBUG:colcon.colcon_installed_package_information.package_discovery:Found 390 installed packages in /opt/ros/jazzy
[0.932s] Level 1:colcon.colcon_core.package_discovery:discover_packages(prefix_path) using defaults
[1.007s] Level 5:colcon.colcon_core.verb:set package 'mia_competition' build argument 'cmake_args' from command line to 'None'
[1.008s] Level 5:colcon.colcon_core.verb:set package 'mia_competition' build argument 'cmake_target' from command line to 'None'
[1.008s] Level 5:colcon.colcon_core.verb:set package 'mia_competition' build argument 'cmake_target_skip_unavailable' from command line to 'False'
[1.008s] Level 5:colcon.colcon_core.verb:set package 'mia_competition' build argument 'cmake_clean_cache' from command line to 'False'
[1.008s] Level 5:colcon.colcon_core.verb:set package 'mia_competition' build argument 'cmake_clean_first' from command line to 'False'
[1.008s] Level 5:colcon.colcon_core.verb:set package 'mia_competition' build argument 'cmake_force_configure' from command line to 'False'
[1.008s] Level 5:colcon.colcon_core.verb:set package 'mia_competition' build argument 'ament_cmake_args' from command line to 'None'
[1.008s] Level 5:colcon.colcon_core.verb:set package 'mia_competition' build argument 'catkin_cmake_args' from command line to 'None'
[1.008s] Level 5:colcon.colcon_core.verb:set package 'mia_competition' build argument 'catkin_skip_building_tests' from command line to 'False'
[1.008s] DEBUG:colcon.colcon_core.verb:Building package 'mia_competition' with the following arguments: {'ament_cmake_args': None, 'build_base': '/home/melbnna/competition_ws/build/mia_competition', 'catkin_cmake_args': None, 'catkin_skip_building_tests': False, 'cmake_args': None, 'cmake_clean_cache': False, 'cmake_clean_first': False, 'cmake_force_configure': False, 'cmake_target': None, 'cmake_target_skip_unavailable': False, 'install_base': '/home/melbnna/competition_ws/install/mia_competition', 'merge_install': False, 'path': '/home/melbnna/competition_ws/src/mia_competition', 'symlink_install': False, 'test_result_base': None}
[1.008s] INFO:colcon.colcon_core.executor:Executing jobs using 'parallel' executor
[1.014s] DEBUG:colcon.colcon_parallel_executor.executor.parallel:run_until_complete
[1.020s] INFO:colcon.colcon_ros.task.ament_python.build:Building ROS package in '/home/melbnna/competition_ws/src/mia_competition' with build type 'ament_python'
[1.021s] Level 1:colcon.colcon_core.shell:create_environment_hook('mia_competition', 'ament_prefix_path')
[1.048s] INFO:colcon.colcon_core.plugin_system:Skipping extension 'colcon_core.shell.bat': Not used on non-Windows systems
[1.048s] INFO:colcon.colcon_core.shell:Creating environment hook '/home/melbnna/competition_ws/install/mia_competition/share/mia_competition/hook/ament_prefix_path.ps1'
[1.053s] INFO:colcon.colcon_core.shell:Creating environment descriptor '/home/melbnna/competition_ws/install/mia_competition/share/mia_competition/hook/ament_prefix_path.dsv'
[1.054s] INFO:colcon.colcon_core.shell:Creating environment hook '/home/melbnna/competition_ws/install/mia_competition/share/mia_competition/hook/ament_prefix_path.sh'
[1.058s] INFO:colcon.colcon_core.shell:Skip shell extension 'powershell' for command environment: Not usable outside of PowerShell
[1.058s] DEBUG:colcon.colcon_core.shell:Skip shell extension 'dsv' for command environment
[1.607s] INFO:colcon.colcon_core.task.python.build:Building Python package in '/home/melbnna/competition_ws/src/mia_competition'
[1.608s] INFO:colcon.colcon_core.shell:Skip shell extension 'powershell' for command environment: Not usable outside of PowerShell
[1.608s] DEBUG:colcon.colcon_core.shell:Skip shell extension 'dsv' for command environment
[4.952s] DEBUG:colcon.colcon_core.task.python.build:Available setuptools commands: install_scripts, test, compile_catalog, init_catalog, editable_wheel, build_clib, update_catalog, install_headers, bdist_egg, egg_info, bdist, saveopts, setopt, install_egg_info, upload_docs, install, install_data, build_py, rotate, clean, install_lib, build, easy_install, alias, bdist_rpm, develop, bdist_dumb, sdist, symlink_data, bdist_wheel, extract_messages, build_ext, upload, check, register, dist_info, build_scripts
[4.956s] DEBUG:colcon.colcon_core.event_handler.log_command:Invoking command in '/home/melbnna/competition_ws/src/mia_competition': DEBUGINFOD_URLS=https://debuginfod.ubuntu.com PYTHONPATH=/home/melbnna/competition_ws/build/mia_competition/prefix_override:/usr/lib/python3/dist-packages/colcon_core/task/python/colcon_distutils_commands:/home/melbnna/competition_ws/install/mia_competition/lib/python3.12/site-packages:${PYTHONPATH} /usr/bin/python3 -W ignore:setup.py install is deprecated -W ignore:easy_install command is deprecated setup.py egg_info --egg-base ../../build/mia_competition build --build-base /home/melbnna/competition_ws/build/mia_competition/build install --record /home/melbnna/competition_ws/build/mia_competition/install.log --install-scripts $base/lib/mia_competition --single-version-externally-managed install_data
[5.766s] DEBUG:colcon.colcon_core.event_handler.log_command:Invoked command in '/home/melbnna/competition_ws/src/mia_competition' returned '0': DEBUGINFOD_URLS=https://debuginfod.ubuntu.com PYTHONPATH=/home/melbnna/competition_ws/build/mia_competition/prefix_override:/usr/lib/python3/dist-packages/colcon_core/task/python/colcon_distutils_commands:/home/melbnna/competition_ws/install/mia_competition/lib/python3.12/site-packages:${PYTHONPATH} /usr/bin/python3 -W ignore:setup.py install is deprecated -W ignore:easy_install command is deprecated setup.py egg_info --egg-base ../../build/mia_competition build --build-base /home/melbnna/competition_ws/build/mia_competition/build install --record /home/melbnna/competition_ws/build/mia_competition/install.log --install-scripts $base/lib/mia_competition --single-version-externally-managed install_data
[5.790s] Level 1:colcon.colcon_core.environment:checking '/home/melbnna/competition_ws/install/mia_competition' for CMake module files
[5.791s] Level 1:colcon.colcon_core.environment:checking '/home/melbnna/competition_ws/install/mia_competition' for CMake config files
[5.795s] Level 1:colcon.colcon_core.environment:checking '/home/melbnna/competition_ws/install/mia_competition/lib'
[5.795s] Level 1:colcon.colcon_core.environment:checking '/home/melbnna/competition_ws/install/mia_competition/bin'
[5.795s] Level 1:colcon.colcon_core.environment:checking '/home/melbnna/competition_ws/install/mia_competition/lib/pkgconfig/mia_competition.pc'
[5.795s] Level 1:colcon.colcon_core.environment:checking '/home/melbnna/competition_ws/install/mia_competition/lib/python3.12/site-packages'
[5.796s] Level 1:colcon.colcon_core.shell:create_environment_hook('mia_competition', 'pythonpath')
[5.796s] INFO:colcon.colcon_core.shell:Creating environment hook '/home/melbnna/competition_ws/install/mia_competition/share/mia_competition/hook/pythonpath.ps1'
[5.797s] INFO:colcon.colcon_core.shell:Creating environment descriptor '/home/melbnna/competition_ws/install/mia_competition/share/mia_competition/hook/pythonpath.dsv'
[5.798s] INFO:colcon.colcon_core.shell:Creating environment hook '/home/melbnna/competition_ws/install/mia_competition/share/mia_competition/hook/pythonpath.sh'
[5.799s] Level 1:colcon.colcon_core.environment:checking '/home/melbnna/competition_ws/install/mia_competition/bin'
[5.800s] Level 1:colcon.colcon_core.environment:create_environment_scripts_only(mia_competition)
[5.800s] INFO:colcon.colcon_core.shell:Creating package script '/home/melbnna/competition_ws/install/mia_competition/share/mia_competition/package.ps1'
[5.802s] INFO:colcon.colcon_core.shell:Creating package descriptor '/home/melbnna/competition_ws/install/mia_competition/share/mia_competition/package.dsv'
[5.803s] INFO:colcon.colcon_core.shell:Creating package script '/home/melbnna/competition_ws/install/mia_competition/share/mia_competition/package.sh'
[5.804s] INFO:colcon.colcon_core.shell:Creating package script '/home/melbnna/competition_ws/install/mia_competition/share/mia_competition/package.bash'
[5.805s] INFO:colcon.colcon_core.shell:Creating package script '/home/melbnna/competition_ws/install/mia_competition/share/mia_competition/package.zsh'
[5.806s] Level 1:colcon.colcon_core.environment:create_file_with_runtime_dependencies(/home/melbnna/competition_ws/install/mia_competition/share/colcon-core/packages/mia_competition)
[5.807s] DEBUG:colcon.colcon_parallel_executor.executor.parallel:closing loop
[5.807s] DEBUG:colcon.colcon_parallel_executor.executor.parallel:loop closed
[5.807s] DEBUG:colcon.colcon_parallel_executor.executor.parallel:run_until_complete finished with '0'
[5.807s] DEBUG:colcon.colcon_core.event_reactor:joining thread
[5.824s] INFO:colcon.colcon_core.plugin_system:Skipping extension 'colcon_notification.desktop_notification.terminal_notifier': Not used on non-Darwin systems
[5.825s] INFO:colcon.colcon_core.plugin_system:Skipping extension 'colcon_notification.desktop_notification.win32': Not used on non-Windows systems
[5.825s] INFO:colcon.colcon_notification.desktop_notification:Sending desktop notification using 'notify2'
[5.850s] DEBUG:colcon.colcon_core.event_reactor:joined thread
[5.851s] INFO:colcon.colcon_core.shell:Creating prefix script '/home/melbnna/competition_ws/install/local_setup.ps1'
[5.853s] INFO:colcon.colcon_core.shell:Creating prefix util module '/home/melbnna/competition_ws/install/_local_setup_util_ps1.py'
[5.855s] INFO:colcon.colcon_core.shell:Creating prefix chain script '/home/melbnna/competition_ws/install/setup.ps1'
[5.862s] INFO:colcon.colcon_core.shell:Creating prefix script '/home/melbnna/competition_ws/install/local_setup.sh'
[5.864s] INFO:colcon.colcon_core.shell:Creating prefix util module '/home/melbnna/competition_ws/install/_local_setup_util_sh.py'
[5.865s] INFO:colcon.colcon_core.shell:Creating prefix chain script '/home/melbnna/competition_ws/install/setup.sh'
[5.867s] INFO:colcon.colcon_core.shell:Creating prefix script '/home/melbnna/competition_ws/install/local_setup.bash'
[5.868s] INFO:colcon.colcon_core.shell:Creating prefix chain script '/home/melbnna/competition_ws/install/setup.bash'
[5.870s] INFO:colcon.colcon_core.shell:Creating prefix script '/home/melbnna/competition_ws/install/local_setup.zsh'
[5.871s] INFO:colcon.colcon_core.shell:Creating prefix chain script '/home/melbnna/competition_ws/install/setup.zsh'
