[3.935s] Invoking command in '/home/melbnna/competition_ws/src/mia_competition': DEBUGINFOD_URLS=https://debuginfod.ubuntu.com PYTHONPATH=/home/melbnna/competition_ws/build/mia_competition/prefix_override:/usr/lib/python3/dist-packages/colcon_core/task/python/colcon_distutils_commands:/home/melbnna/competition_ws/install/mia_competition/lib/python3.12/site-packages:${PYTHONPATH} /usr/bin/python3 -W ignore:setup.py install is deprecated -W ignore:easy_install command is deprecated setup.py egg_info --egg-base ../../build/mia_competition build --build-base /home/melbnna/competition_ws/build/mia_competition/build install --record /home/melbnna/competition_ws/build/mia_competition/install.log --install-scripts $base/lib/mia_competition --single-version-externally-managed install_data
[4.314s] running egg_info
[4.369s] writing ../../build/mia_competition/mia_competition.egg-info/PKG-INFO
[4.369s] writing dependency_links to ../../build/mia_competition/mia_competition.egg-info/dependency_links.txt
[4.369s] writing requirements to ../../build/mia_competition/mia_competition.egg-info/requires.txt
[4.369s] writing top-level names to ../../build/mia_competition/mia_competition.egg-info/top_level.txt
[4.444s] reading manifest file '../../build/mia_competition/mia_competition.egg-info/SOURCES.txt'
[4.446s] writing manifest file '../../build/mia_competition/mia_competition.egg-info/SOURCES.txt'
[4.448s] running build
[4.448s] running build_py
[4.448s] copying mia_competition/autonmous_phase.py -> /home/melbnna/competition_ws/build/mia_competition/build/lib/mia_competition
[4.448s] copying mia_competition/manual_phase.py -> /home/melbnna/competition_ws/build/mia_competition/build/lib/mia_competition
[4.449s] copying mia_competition/autonmous_manual_selection.py -> /home/melbnna/competition_ws/build/mia_competition/build/lib/mia_competition
[4.450s] running install
[4.457s] running install_lib
[4.480s] copying /home/melbnna/competition_ws/build/mia_competition/build/lib/mia_competition/autonmous_phase.py -> /home/melbnna/competition_ws/install/mia_competition/lib/python3.12/site-packages/mia_competition
[4.480s] copying /home/melbnna/competition_ws/build/mia_competition/build/lib/mia_competition/manual_phase.py -> /home/melbnna/competition_ws/install/mia_competition/lib/python3.12/site-packages/mia_competition
[4.481s] copying /home/melbnna/competition_ws/build/mia_competition/build/lib/mia_competition/autonmous_manual_selection.py -> /home/melbnna/competition_ws/install/mia_competition/lib/python3.12/site-packages/mia_competition
[4.484s] byte-compiling /home/melbnna/competition_ws/install/mia_competition/lib/python3.12/site-packages/mia_competition/autonmous_phase.py to autonmous_phase.cpython-312.pyc
[4.484s] byte-compiling /home/melbnna/competition_ws/install/mia_competition/lib/python3.12/site-packages/mia_competition/manual_phase.py to manual_phase.cpython-312.pyc
[4.485s] byte-compiling /home/melbnna/competition_ws/install/mia_competition/lib/python3.12/site-packages/mia_competition/autonmous_manual_selection.py to autonmous_manual_selection.cpython-312.pyc
[4.486s] running install_data
[4.486s] running install_egg_info
[4.527s] removing '/home/melbnna/competition_ws/install/mia_competition/lib/python3.12/site-packages/mia_competition-0.0.0-py3.12.egg-info' (and everything under it)
[4.529s] Copying ../../build/mia_competition/mia_competition.egg-info to /home/melbnna/competition_ws/install/mia_competition/lib/python3.12/site-packages/mia_competition-0.0.0-py3.12.egg-info
[4.532s] running install_scripts
[4.703s] writing list of installed files to '/home/melbnna/competition_ws/build/mia_competition/install.log'
[4.744s] Invoked command in '/home/melbnna/competition_ws/src/mia_competition' returned '0': DEBUGINFOD_URLS=https://debuginfod.ubuntu.com PYTHONPATH=/home/melbnna/competition_ws/build/mia_competition/prefix_override:/usr/lib/python3/dist-packages/colcon_core/task/python/colcon_distutils_commands:/home/melbnna/competition_ws/install/mia_competition/lib/python3.12/site-packages:${PYTHONPATH} /usr/bin/python3 -W ignore:setup.py install is deprecated -W ignore:easy_install command is deprecated setup.py egg_info --egg-base ../../build/mia_competition build --build-base /home/melbnna/competition_ws/build/mia_competition/build install --record /home/melbnna/competition_ws/build/mia_competition/install.log --install-scripts $base/lib/mia_competition --single-version-externally-managed install_data
