running egg_info
creating ../../build/mia_competition/mia_competition.egg-info
writing ../../build/mia_competition/mia_competition.egg-info/PKG-INFO
writing dependency_links to ../../build/mia_competition/mia_competition.egg-info/dependency_links.txt
writing requirements to ../../build/mia_competition/mia_competition.egg-info/requires.txt
writing top-level names to ../../build/mia_competition/mia_competition.egg-info/top_level.txt
writing manifest file '../../build/mia_competition/mia_competition.egg-info/SOURCES.txt'
reading manifest file '../../build/mia_competition/mia_competition.egg-info/SOURCES.txt'
writing manifest file '../../build/mia_competition/mia_competition.egg-info/SOURCES.txt'
running build
running build_py
creating /home/melbnna/competition_ws/build/mia_competition/build
creating /home/melbnna/competition_ws/build/mia_competition/build/lib
creating /home/melbnna/competition_ws/build/mia_competition/build/lib/mia_competition
copying mia_competition/__init__.py -> /home/melbnna/competition_ws/build/mia_competition/build/lib/mia_competition
running install
running install_lib
creating /home/melbnna/competition_ws/install/mia_competition/lib/python3.12/site-packages/mia_competition
copying /home/melbnna/competition_ws/build/mia_competition/build/lib/mia_competition/__init__.py -> /home/melbnna/competition_ws/install/mia_competition/lib/python3.12/site-packages/mia_competition
byte-compiling /home/melbnna/competition_ws/install/mia_competition/lib/python3.12/site-packages/mia_competition/__init__.py to __init__.cpython-312.pyc
running install_data
creating /home/melbnna/competition_ws/install/mia_competition/share/ament_index
creating /home/melbnna/competition_ws/install/mia_competition/share/ament_index/resource_index
creating /home/melbnna/competition_ws/install/mia_competition/share/ament_index/resource_index/packages
copying resource/mia_competition -> /home/melbnna/competition_ws/install/mia_competition/share/ament_index/resource_index/packages
copying package.xml -> /home/melbnna/competition_ws/install/mia_competition/share/mia_competition
running install_egg_info
Copying ../../build/mia_competition/mia_competition.egg-info to /home/melbnna/competition_ws/install/mia_competition/lib/python3.12/site-packages/mia_competition-0.0.0-py3.12.egg-info
running install_scripts
writing list of installed files to '/home/melbnna/competition_ws/build/mia_competition/install.log'
