[3.534s] Invoking command in '/home/melbnna/competition_ws/src/mia_competition': DEBUGINFOD_URLS=https://debuginfod.ubuntu.com PYTHONPATH=/home/melbnna/competition_ws/build/mia_competition/prefix_override:/usr/lib/python3/dist-packages/colcon_core/task/python/colcon_distutils_commands:/home/melbnna/competition_ws/install/mia_competition/lib/python3.12/site-packages:${PYTHONPATH} /usr/bin/python3 -W ignore:setup.py install is deprecated -W ignore:easy_install command is deprecated setup.py egg_info --egg-base ../../build/mia_competition build --build-base /home/melbnna/competition_ws/build/mia_competition/build install --record /home/melbnna/competition_ws/build/mia_competition/install.log --install-scripts $base/lib/mia_competition --single-version-externally-managed install_data
[4.133s] running egg_info
[4.134s] creating ../../build/mia_competition/mia_competition.egg-info
[4.166s] writing ../../build/mia_competition/mia_competition.egg-info/PKG-INFO
[4.167s] writing dependency_links to ../../build/mia_competition/mia_competition.egg-info/dependency_links.txt
[4.167s] writing requirements to ../../build/mia_competition/mia_competition.egg-info/requires.txt
[4.167s] writing top-level names to ../../build/mia_competition/mia_competition.egg-info/top_level.txt
[4.168s] writing manifest file '../../build/mia_competition/mia_competition.egg-info/SOURCES.txt'
[4.231s] reading manifest file '../../build/mia_competition/mia_competition.egg-info/SOURCES.txt'
[4.236s] writing manifest file '../../build/mia_competition/mia_competition.egg-info/SOURCES.txt'
[4.237s] running build
[4.237s] running build_py
[4.238s] creating /home/melbnna/competition_ws/build/mia_competition/build
[4.238s] creating /home/melbnna/competition_ws/build/mia_competition/build/lib
[4.239s] creating /home/melbnna/competition_ws/build/mia_competition/build/lib/mia_competition
[4.239s] copying mia_competition/__init__.py -> /home/melbnna/competition_ws/build/mia_competition/build/lib/mia_competition
[4.239s] running install
[4.250s] running install_lib
[4.284s] creating /home/melbnna/competition_ws/install/mia_competition/lib/python3.12/site-packages/mia_competition
[4.285s] copying /home/melbnna/competition_ws/build/mia_competition/build/lib/mia_competition/__init__.py -> /home/melbnna/competition_ws/install/mia_competition/lib/python3.12/site-packages/mia_competition
[4.286s] byte-compiling /home/melbnna/competition_ws/install/mia_competition/lib/python3.12/site-packages/mia_competition/__init__.py to __init__.cpython-312.pyc
[4.287s] running install_data
[4.287s] creating /home/melbnna/competition_ws/install/mia_competition/share/ament_index
[4.288s] creating /home/melbnna/competition_ws/install/mia_competition/share/ament_index/resource_index
[4.288s] creating /home/melbnna/competition_ws/install/mia_competition/share/ament_index/resource_index/packages
[4.288s] copying resource/mia_competition -> /home/melbnna/competition_ws/install/mia_competition/share/ament_index/resource_index/packages
[4.288s] copying package.xml -> /home/melbnna/competition_ws/install/mia_competition/share/mia_competition
[4.288s] running install_egg_info
[4.327s] Copying ../../build/mia_competition/mia_competition.egg-info to /home/melbnna/competition_ws/install/mia_competition/lib/python3.12/site-packages/mia_competition-0.0.0-py3.12.egg-info
[4.329s] running install_scripts
[4.639s] writing list of installed files to '/home/melbnna/competition_ws/build/mia_competition/install.log'
[4.739s] Invoked command in '/home/melbnna/competition_ws/src/mia_competition' returned '0': DEBUGINFOD_URLS=https://debuginfod.ubuntu.com PYTHONPATH=/home/melbnna/competition_ws/build/mia_competition/prefix_override:/usr/lib/python3/dist-packages/colcon_core/task/python/colcon_distutils_commands:/home/melbnna/competition_ws/install/mia_competition/lib/python3.12/site-packages:${PYTHONPATH} /usr/bin/python3 -W ignore:setup.py install is deprecated -W ignore:easy_install command is deprecated setup.py egg_info --egg-base ../../build/mia_competition build --build-base /home/melbnna/competition_ws/build/mia_competition/build install --record /home/melbnna/competition_ws/build/mia_competition/install.log --install-scripts $base/lib/mia_competition --single-version-externally-managed install_data
